// Jest Snapshot v1, https://goo.gl/fbAQLP

exports[`Layout renders correctly 1`] = `
<main
  className="sc-bdVaJa cHrwRm"
>
  <h1
    className="sc-bwzfXH jotfnM"
  >
    stir.
  </h1>
</main>
`;
